// Jest Snapshot v1, https://goo.gl/fbAQLP

exports[`<ReturnRatio /> 스냅샷과 일치해야 합니다. 1`] = `
<div>
  <div
    class="sc-AxhCb cvKNLU"
  >
    <svg
      aria-hidden="true"
      class="MuiSvgIcon-root sc-AxjAm eaAYzN"
      focusable="false"
      title="up"
      viewBox="0 0 24 24"
    >
      <path
        d="M7 14l5-5 5 5z"
      />
    </svg>
    <span
      class="sc-AxhUy engnwa"
      font-size="1.5rem"
    >
      3.5
      %
    </span>
  </div>
</div>
`;
